// Jest Snapshot v1, https://goo.gl/fbAQLP

exports[`With Snapshot Testing Index shows index page" 1`] = `
<div>
  <p>
    Hello World
  </p>
  <input
    onChange={[Function]}
    value=""
  />
  <button
    onClick={[Function]}
  >
    Create Todo
  </button>
  <ul>
    <li>
      <a
        href="/post/Hello Next.js"
        onClick={[Function]}
      >
        Hello Next.js
         TEST
      </a>
    </li>
    <li>
      <a
        href="/post/Learn Next.js is awesome"
        onClick={[Function]}
      >
        Learn Next.js is awesome
         TEST
      </a>
    </li>
    <li>
      <a
        href="/post/Deploy Indexs with Zeit"
        onClick={[Function]}
      >
        Deploy Indexs with Zeit
         TEST
      </a>
    </li>
  </ul>
</div>
`;
